PREHOOK: query: From (select * from src) a
insert overwrite directory 'target/warehouse/destemp.out/dir1/'
select key
where key=200 limit 1
insert overwrite directory 'target/warehouse/destemp.out/dir2/'
select 'header'
where 1=2
insert overwrite directory 'target/warehouse/destemp.out/dir3/'
select key
where key = 100 limit 1
PREHOOK: type: QUERY
PREHOOK: Input: default@src
PREHOOK: Output: target/warehouse/destemp.out/dir1
PREHOOK: Output: target/warehouse/destemp.out/dir2
PREHOOK: Output: target/warehouse/destemp.out/dir3
POSTHOOK: query: From (select * from src) a
insert overwrite directory 'target/warehouse/destemp.out/dir1/'
select key
where key=200 limit 1
insert overwrite directory 'target/warehouse/destemp.out/dir2/'
select 'header'
where 1=2
insert overwrite directory 'target/warehouse/destemp.out/dir3/'
select key
where key = 100 limit 1
POSTHOOK: type: QUERY
POSTHOOK: Input: default@src
POSTHOOK: Output: target/warehouse/destemp.out/dir1
POSTHOOK: Output: target/warehouse/destemp.out/dir2
POSTHOOK: Output: target/warehouse/destemp.out/dir3
200
100
#### A masked pattern was here ####
