PREHOOK: query: drop table foo
PREHOOK: type: DROPTABLE
POSTHOOK: query: drop table foo
POSTHOOK: type: DROPTABLE
PREHOOK: query: create table foo (i int) partitioned by (s string)
PREHOOK: type: CREATETABLE
PREHOOK: Output: database:default
PREHOOK: Output: default@foo
POSTHOOK: query: create table foo (i int) partitioned by (s string)
POSTHOOK: type: CREATETABLE
POSTHOOK: Output: database:default
POSTHOOK: Output: default@foo
PREHOOK: query: insert overwrite table foo partition(s='foo') select cint from alltypesorc limit 10
PREHOOK: type: QUERY
PREHOOK: Input: default@alltypesorc
PREHOOK: Output: default@foo@s=foo
POSTHOOK: query: insert overwrite table foo partition(s='foo') select cint from alltypesorc limit 10
POSTHOOK: type: QUERY
POSTHOOK: Input: default@alltypesorc
POSTHOOK: Output: default@foo@s=foo
POSTHOOK: Lineage: foo PARTITION(s=foo).i SIMPLE [(alltypesorc)alltypesorc.FieldSchema(name:cint, type:int, comment:null), ]
PREHOOK: query: insert overwrite table foo partition(s='bar') select cint from alltypesorc limit 10
PREHOOK: type: QUERY
PREHOOK: Input: default@alltypesorc
PREHOOK: Output: default@foo@s=bar
POSTHOOK: query: insert overwrite table foo partition(s='bar') select cint from alltypesorc limit 10
POSTHOOK: type: QUERY
POSTHOOK: Input: default@alltypesorc
POSTHOOK: Output: default@foo@s=bar
POSTHOOK: Lineage: foo PARTITION(s=bar).i SIMPLE [(alltypesorc)alltypesorc.FieldSchema(name:cint, type:int, comment:null), ]
PREHOOK: query: explain select * from foo where s not in ('bar')
PREHOOK: type: QUERY
POSTHOOK: query: explain select * from foo where s not in ('bar')
POSTHOOK: type: QUERY
STAGE DEPENDENCIES:
  Stage-0 is a root stage

STAGE PLANS:
  Stage: Stage-0
    Fetch Operator
      limit: -1
      Processor Tree:
        TableScan
          alias: foo
          Statistics: Num rows: 10 Data size: 90 Basic stats: COMPLETE Column stats: NONE
          Select Operator
            expressions: i (type: int), s (type: string)
            outputColumnNames: _col0, _col1
            Statistics: Num rows: 10 Data size: 90 Basic stats: COMPLETE Column stats: NONE
            ListSink

PREHOOK: query: select * from foo where s not in ('bar')
PREHOOK: type: QUERY
PREHOOK: Input: default@foo
PREHOOK: Input: default@foo@s=foo
#### A masked pattern was here ####
POSTHOOK: query: select * from foo where s not in ('bar')
POSTHOOK: type: QUERY
POSTHOOK: Input: default@foo
POSTHOOK: Input: default@foo@s=foo
#### A masked pattern was here ####
528534767	foo
528534767	foo
528534767	foo
528534767	foo
528534767	foo
528534767	foo
528534767	foo
528534767	foo
528534767	foo
528534767	foo
PREHOOK: query: drop table foo
PREHOOK: type: DROPTABLE
PREHOOK: Input: default@foo
PREHOOK: Output: default@foo
POSTHOOK: query: drop table foo
POSTHOOK: type: DROPTABLE
POSTHOOK: Input: default@foo
POSTHOOK: Output: default@foo
