PREHOOK: query: EXPLAIN
SELECT src1.key, src1.key + 1, src2.value
       FROM src src1 join src src2 ON src1.key = src2.key AND src1.key = 100
PREHOOK: type: QUERY
POSTHOOK: query: EXPLAIN
SELECT src1.key, src1.key + 1, src2.value
       FROM src src1 join src src2 ON src1.key = src2.key AND src1.key = 100
POSTHOOK: type: QUERY
Plan optimized by CBO.

Vertex dependency in root stage
Reducer 2 <- Map 1 (SIMPLE_EDGE), Map 3 (SIMPLE_EDGE)

Stage-0
  Fetch Operator
    limit:-1
    Stage-1
      Reducer 2
      File Output Operator [FS_10]
        Select Operator [SEL_9] (rows=275 width=10)
          Output:["_col0","_col1","_col2"]
          Merge Join Operator [MERGEJOIN_15] (rows=275 width=10)
            Conds:RS_6.'100'=RS_7.'100'(Inner),Output:["_col2"]
          <-Map 1 [SIMPLE_EDGE]
            SHUFFLE [RS_6]
              PartitionCols:'100'
              Select Operator [SEL_2] (rows=250 width=10)
                Filter Operator [FIL_13] (rows=250 width=10)
                  predicate:(UDFToDouble(key) = 100.0)
                  TableScan [TS_0] (rows=500 width=10)
                    default@src,src1,Tbl:COMPLETE,Col:NONE,Output:["key"]
          <-Map 3 [SIMPLE_EDGE]
            SHUFFLE [RS_7]
              PartitionCols:'100'
              Select Operator [SEL_5] (rows=250 width=10)
                Output:["_col1"]
                Filter Operator [FIL_14] (rows=250 width=10)
                  predicate:(UDFToDouble(key) = 100.0)
                  TableScan [TS_3] (rows=500 width=10)
                    default@src,src1,Tbl:COMPLETE,Col:NONE,Output:["key","value"]

PREHOOK: query: SELECT src1.key, src1.key + 1, src2.value
       FROM src src1 join src src2 ON src1.key = src2.key AND src1.key = 100
PREHOOK: type: QUERY
PREHOOK: Input: default@src
#### A masked pattern was here ####
POSTHOOK: query: SELECT src1.key, src1.key + 1, src2.value
       FROM src src1 join src src2 ON src1.key = src2.key AND src1.key = 100
POSTHOOK: type: QUERY
POSTHOOK: Input: default@src
#### A masked pattern was here ####
100	101.0	val_100
100	101.0	val_100
100	101.0	val_100
100	101.0	val_100
PREHOOK: query: EXPLAIN
SELECT l_partkey, l_suppkey
FROM lineitem li
WHERE li.l_linenumber = 1 AND
 li.l_orderkey IN (SELECT l_orderkey FROM lineitem WHERE l_shipmode = 'AIR' AND l_linenumber = li.l_linenumber)
PREHOOK: type: QUERY
POSTHOOK: query: EXPLAIN
SELECT l_partkey, l_suppkey
FROM lineitem li
WHERE li.l_linenumber = 1 AND
 li.l_orderkey IN (SELECT l_orderkey FROM lineitem WHERE l_shipmode = 'AIR' AND l_linenumber = li.l_linenumber)
POSTHOOK: type: QUERY
Plan optimized by CBO.

Vertex dependency in root stage
Reducer 2 <- Map 1 (SIMPLE_EDGE), Map 3 (SIMPLE_EDGE)

Stage-0
  Fetch Operator
    limit:-1
    Stage-1
      Reducer 2
      File Output Operator [FS_12]
        Select Operator [SEL_11] (rows=55 width=119)
          Output:["_col0","_col1"]
          Merge Join Operator [MERGEJOIN_17] (rows=55 width=119)
            Conds:RS_8._col0, 1=RS_9._col0, 1(Left Semi),Output:["_col1","_col2"]
          <-Map 1 [SIMPLE_EDGE]
            SHUFFLE [RS_8]
              PartitionCols:_col0, 1
              Select Operator [SEL_2] (rows=50 width=119)
                Output:["_col0","_col1","_col2"]
                Filter Operator [FIL_15] (rows=50 width=119)
                  predicate:((l_linenumber = 1) and l_orderkey is not null)
                  TableScan [TS_0] (rows=100 width=119)
                    default@lineitem,li,Tbl:COMPLETE,Col:NONE,Output:["l_orderkey","l_partkey","l_suppkey","l_linenumber"]
          <-Map 3 [SIMPLE_EDGE]
            SHUFFLE [RS_9]
              PartitionCols:_col0, 1
              Group By Operator [GBY_7] (rows=25 width=119)
                Output:["_col0","_col1"],keys:_col0, 1
                Select Operator [SEL_5] (rows=25 width=119)
                  Output:["_col0"]
                  Filter Operator [FIL_16] (rows=25 width=119)
                    predicate:(((l_shipmode = 'AIR') and (l_linenumber = 1)) and l_orderkey is not null)
                    TableScan [TS_3] (rows=100 width=119)
                      default@lineitem,li,Tbl:COMPLETE,Col:NONE,Output:["l_orderkey","l_linenumber","l_shipmode"]

PREHOOK: query: SELECT l_partkey, l_suppkey
FROM lineitem li
WHERE li.l_linenumber = 1 AND
 li.l_orderkey IN (SELECT l_orderkey FROM lineitem WHERE l_shipmode = 'AIR' AND l_linenumber = li.l_linenumber)
PREHOOK: type: QUERY
PREHOOK: Input: default@lineitem
#### A masked pattern was here ####
POSTHOOK: query: SELECT l_partkey, l_suppkey
FROM lineitem li
WHERE li.l_linenumber = 1 AND
 li.l_orderkey IN (SELECT l_orderkey FROM lineitem WHERE l_shipmode = 'AIR' AND l_linenumber = li.l_linenumber)
POSTHOOK: type: QUERY
POSTHOOK: Input: default@lineitem
#### A masked pattern was here ####
108570	8571
4297	1798
