PREHOOK: query: explain select * from srcpart where ds='2008-04-08' AND hr='11' limit 10
PREHOOK: type: QUERY
POSTHOOK: query: explain select * from srcpart where ds='2008-04-08' AND hr='11' limit 10
POSTHOOK: type: QUERY
Plan optimized by CBO.

Stage-0
  Fetch Operator
    limit:10
    Limit [LIM_3]
      Number of rows:10
      Select Operator [SEL_2]
        Output:["_col0","_col1","_col2","_col3"]
        TableScan [TS_0]
          Output:["key","value"]

PREHOOK: query: explain select cast(key as int) * 10, upper(value) from src limit 10
PREHOOK: type: QUERY
POSTHOOK: query: explain select cast(key as int) * 10, upper(value) from src limit 10
POSTHOOK: type: QUERY
Plan optimized by CBO.

Stage-0
  Fetch Operator
    limit:10
    Limit [LIM_2]
      Number of rows:10
      Select Operator [SEL_1]
        Output:["_col0","_col1"]
        TableScan [TS_0]
          Output:["key","value"]

PREHOOK: query: explain select * from srcpart where ds='2008-04-08' AND hr='11' limit 10
PREHOOK: type: QUERY
POSTHOOK: query: explain select * from srcpart where ds='2008-04-08' AND hr='11' limit 10
POSTHOOK: type: QUERY
Plan optimized by CBO.

Stage-0
  Fetch Operator
    limit:10
    Limit [LIM_3]
      Number of rows:10
      Select Operator [SEL_2]
        Output:["_col0","_col1","_col2","_col3"]
        TableScan [TS_0]
          Output:["key","value"]

PREHOOK: query: explain select cast(key as int) * 10, upper(value) from src limit 10
PREHOOK: type: QUERY
POSTHOOK: query: explain select cast(key as int) * 10, upper(value) from src limit 10
POSTHOOK: type: QUERY
Plan optimized by CBO.

Stage-0
  Fetch Operator
    limit:10
    Limit [LIM_2]
      Number of rows:10
      Select Operator [SEL_1]
        Output:["_col0","_col1"]
        TableScan [TS_0]
          Output:["key","value"]

PREHOOK: query: -- Scans without limit (should be Fetch task now)
explain select concat(key, value)  from src
PREHOOK: type: QUERY
POSTHOOK: query: -- Scans without limit (should be Fetch task now)
explain select concat(key, value)  from src
POSTHOOK: type: QUERY
Plan optimized by CBO.

Stage-0
  Fetch Operator
    limit:-1
    Select Operator [SEL_1]
      Output:["_col0"]
      TableScan [TS_0]
        Output:["key","value"]

PREHOOK: query: -- from HIVE-7397, limit + partition pruning filter
explain select * from srcpart where ds='2008-04-08' AND hr='11' limit 10
PREHOOK: type: QUERY
POSTHOOK: query: -- from HIVE-7397, limit + partition pruning filter
explain select * from srcpart where ds='2008-04-08' AND hr='11' limit 10
POSTHOOK: type: QUERY
Plan optimized by CBO.

Stage-0
  Fetch Operator
    limit:10
    Limit [LIM_3]
      Number of rows:10
      Select Operator [SEL_2]
        Output:["_col0","_col1","_col2","_col3"]
        TableScan [TS_0]
          Output:["key","value"]

PREHOOK: query: explain select cast(key as int) * 10, upper(value) from src limit 10
PREHOOK: type: QUERY
POSTHOOK: query: explain select cast(key as int) * 10, upper(value) from src limit 10
POSTHOOK: type: QUERY
Plan optimized by CBO.

Stage-0
  Fetch Operator
    limit:10
    Limit [LIM_2]
      Number of rows:10
      Select Operator [SEL_1]
        Output:["_col0","_col1"]
        TableScan [TS_0]
          Output:["key","value"]

PREHOOK: query: -- Scans without limit (should not be Fetch task now)
explain select concat(key, value)  from src
PREHOOK: type: QUERY
POSTHOOK: query: -- Scans without limit (should not be Fetch task now)
explain select concat(key, value)  from src
POSTHOOK: type: QUERY
Plan optimized by CBO.

Stage-0
  Fetch Operator
    limit:-1
    Stage-1
      Map 1
      File Output Operator [FS_2]
        Select Operator [SEL_1] (rows=500 width=10)
          Output:["_col0"]
          TableScan [TS_0] (rows=500 width=10)
            default@src,src,Tbl:COMPLETE,Col:NONE,Output:["key","value"]

PREHOOK: query: -- Simple Scans without limit (will be  Fetch task now)
explain select key, value  from src
PREHOOK: type: QUERY
POSTHOOK: query: -- Simple Scans without limit (will be  Fetch task now)
explain select key, value  from src
POSTHOOK: type: QUERY
Plan optimized by CBO.

Stage-0
  Fetch Operator
    limit:-1
    Select Operator [SEL_1]
      Output:["_col0","_col1"]
      TableScan [TS_0]
        Output:["key","value"]

PREHOOK: query: explain select key  from src
PREHOOK: type: QUERY
POSTHOOK: query: explain select key  from src
POSTHOOK: type: QUERY
Plan optimized by CBO.

Stage-0
  Fetch Operator
    limit:-1
    Select Operator [SEL_1]
      Output:["_col0"]
      TableScan [TS_0]
        Output:["key"]

PREHOOK: query: explain select *    from src
PREHOOK: type: QUERY
POSTHOOK: query: explain select *    from src
POSTHOOK: type: QUERY
Plan optimized by CBO.

Stage-0
  Fetch Operator
    limit:-1
    Select Operator [SEL_1]
      Output:["_col0","_col1"]
      TableScan [TS_0]
        Output:["key","value"]

PREHOOK: query: explain select key,1 from src
PREHOOK: type: QUERY
POSTHOOK: query: explain select key,1 from src
POSTHOOK: type: QUERY
Plan optimized by CBO.

Stage-0
  Fetch Operator
    limit:-1
    Select Operator [SEL_1]
      Output:["_col0","_col1"]
      TableScan [TS_0]
        Output:["key"]

PREHOOK: query: explain select cast(key as char(20)),1 from src
PREHOOK: type: QUERY
POSTHOOK: query: explain select cast(key as char(20)),1 from src
POSTHOOK: type: QUERY
Plan optimized by CBO.

Stage-0
  Fetch Operator
    limit:-1
    Select Operator [SEL_1]
      Output:["_col0","_col1"]
      TableScan [TS_0]
        Output:["key"]

