PREHOOK: query: explain
       select rank() over (order by return_ratio) as return_rank from
       (select sum(wr.cint)/sum(ws.c_int)  as return_ratio
                 from cbo_t3  ws join alltypesorc wr on ws.value = wr.cstring1
                  group by ws.c_boolean ) in_web
PREHOOK: type: QUERY
POSTHOOK: query: explain
       select rank() over (order by return_ratio) as return_rank from
       (select sum(wr.cint)/sum(ws.c_int)  as return_ratio
                 from cbo_t3  ws join alltypesorc wr on ws.value = wr.cstring1
                  group by ws.c_boolean ) in_web
POSTHOOK: type: QUERY
Plan optimized by CBO.

Vertex dependency in root stage
Reducer 2 <- Map 1 (SIMPLE_EDGE), Map 5 (SIMPLE_EDGE)
Reducer 3 <- Reducer 2 (SIMPLE_EDGE)
Reducer 4 <- Reducer 3 (SIMPLE_EDGE)

Stage-0
  Fetch Operator
    limit:-1
    Stage-1
      Reducer 4
      File Output Operator [FS_19]
        Select Operator [SEL_17] (rows=6758 width=215)
          Output:["_col0"]
          PTF Operator [PTF_16] (rows=6758 width=215)
            Function definitions:[{},{"name:":"windowingtablefunction","order by:":"(UDFToDouble(_col1) / UDFToDouble(_col2)) ASC NULLS FIRST","partition by:":"0"}]
            Select Operator [SEL_15] (rows=6758 width=215)
              Output:["_col1","_col2"]
            <-Reducer 3 [SIMPLE_EDGE]
              SHUFFLE [RS_14]
                PartitionCols:0
                Select Operator [SEL_13] (rows=6758 width=215)
                  Output:["_col1","_col2"]
                  Group By Operator [GBY_12] (rows=6758 width=215)
                    Output:["_col0","_col1","_col2"],aggregations:["sum(VALUE._col0)","sum(VALUE._col1)"],keys:KEY._col0
                  <-Reducer 2 [SIMPLE_EDGE]
                    SHUFFLE [RS_11]
                      PartitionCols:_col0
                      Group By Operator [GBY_10] (rows=13516 width=215)
                        Output:["_col0","_col1","_col2"],aggregations:["sum(_col3)","sum(_col1)"],keys:_col2
                        Select Operator [SEL_9] (rows=13516 width=215)
                          Output:["_col2","_col3","_col1"]
                          Merge Join Operator [MERGEJOIN_24] (rows=13516 width=215)
                            Conds:RS_6._col0=RS_7._col1(Inner),Output:["_col1","_col2","_col3"]
                          <-Map 1 [SIMPLE_EDGE]
                            SHUFFLE [RS_6]
                              PartitionCols:_col0
                              Select Operator [SEL_2] (rows=20 width=13)
                                Output:["_col0","_col1","_col2"]
                                Filter Operator [FIL_22] (rows=20 width=13)
                                  predicate:value is not null
                                  TableScan [TS_0] (rows=20 width=13)
                                    default@cbo_t3,ws,Tbl:COMPLETE,Col:NONE,Output:["value","c_int","c_boolean"]
                          <-Map 5 [SIMPLE_EDGE]
                            SHUFFLE [RS_7]
                              PartitionCols:_col1
                              Select Operator [SEL_5] (rows=12288 width=215)
                                Output:["_col0","_col1"]
                                Filter Operator [FIL_23] (rows=12288 width=215)
                                  predicate:cstring1 is not null
                                  TableScan [TS_3] (rows=12288 width=215)
                                    default@alltypesorc,wr,Tbl:COMPLETE,Col:NONE,Output:["cint","cstring1"]

