FAILED: ValidationFailureSemanticException Partition spec {key=null} contains non-partition columns
