PREHOOK: query: create table acid_notbucketed(a int, b varchar(128)) stored as orc TBLPROPERTIES ('transactional'='true')
PREHOOK: type: CREATETABLE
PREHOOK: Output: database:default
PREHOOK: Output: default@acid_notbucketed
FAILED: Execution Error, return code 1 from org.apache.hadoop.hive.ql.exec.DDLTask. MetaException(message:The table must be bucketed and stored using an ACID compliant format (such as ORC))
