FAILED: SemanticException Cartesian products are disabled for safety reasons. If you know what you are doing, please make sure that hive.strict.checks.cartesian.product is set to false and that hive.mapred.mode is not set to 'strict' to enable them.
