FAILED: SemanticException [Error 10002]: Line 8:20 Invalid column reference 'value'
